{
  "entries": [
    {
      "url": [
        "https://www.allizom.org/2020/06/22/balanced-divisive-complementary",
        "https://chandra.example.com/"
      ],
      "name": ["A Tale Of Two Tags: Part 2", "Chandra"],
      "author": ["Chandra"],
      "published": ["2012-06-22T16:45:57.000Z"],
      "summary": [
        "From balanced harmony, to divisive misunderstandings, to complementary roles."
      ],
      "category": ["General"]
    },
    {
      "url": [
        "https://www.allizom.org/2020/06/20/best-visible-alternative-invisible",
        "https://chandra.example.com/"
      ],
      "name": ["A Tale Of Two Tags: Part 1", "Chandra"],
      "author": ["Chandra"],
      "published": ["2012-06-20T15:34:46.000Z"],
      "summary": [
        "It was the best of visible tags, it was the alternative invisible tags."
      ],
      "category": ["General"]
    },
    {
      "name": ["Hey thanks for making this microformats resource", "Mozilla"],
      "content": [
        {
          "value": "Hey thanks for making this microformats resource",
          "html": "<html><head></head><body>Hey thanks for making this microformats resource</body></html>"
        },
        {
          "value": "Blah blah blah",
          "html": "<html><head></head><body><p>Blah blah blah</p> </body></html>"
        }
      ]
    },
    {
      "published": [
        "1975-03-16T19:42:56.000Z",
        "1976-03-16T05:26:56.000Z",
        "1977-03-16T19:42:56.000Z",
        "1978-03-16T05:26:56.000Z",
        "1979-03-16T12:34:56.000Z",
        "1980-03-16T19:42:56.000Z",
        "1981-03-16T05:26:56.000Z",
        "1982-03-16T19:42:56.000Z",
        "1983-03-16T05:26:56.000Z",
        "1984-03-16T19:34:56.000Z",
        "1985-03-16T05:34:56.000Z",
        "1986-03-16T12:34:56.000Z",
        "1987-03-16T19:42:00.000Z",
        "1988-03-16T05:26:00.000Z",
        "1989-03-16T19:42:00.000Z",
        "1990-03-16T05:26:00.000Z",
        "1991-03-16T12:34:00.000Z",
        "1992-03-16T12:34:00.000Z",
        "1993-03-16T12:34:00.000Z",
        "1994-03-16T12:34:00.000Z",
        "1995-03-16T00:00:00.000Z",
        "1996-03-16T01:23:00.000Z",
        "1997-03-16T01:23:00.000Z",
        "1998-03-16T13:23:00.000Z",
        "1999-03-16T13:23:00.000Z",
        "2000-03-16T01:23:45.000Z",
        "2001-03-16T01:23:45.000Z",
        "2002-03-16T13:23:45.000Z",
        "2003-03-16T13:23:45.000Z"
      ]
    }
  ],
  "name": ["The Markup Blog"]
}
